// Jest Snapshot v1, https://goo.gl/fbAQLP

exports[`FrontPage component should test frontPage component 1`] = `"<div><h1>News Database</h1><ul><li><a class=\\"link\\" href=\\"/news\\">List news</a></li><li><a class=\\"link\\" href=\\"/login\\">Add new article</a></li></ul></div>"`;
