// Jest Snapshot v1, https://goo.gl/fbAQLP

exports[`ListNews component should show articles 1`] = `"<div><h1>News in the database</h1><div><form><label>Topic:<select><option id=\\"category-query\\" value=\\"\\">Example</option></select><button>Filter</button></label></form></div><h3>Article 1</h3><h3>Category: Topic 1</h3><div></div><p></p><h3>Article 2</h3><h3>Category: Topic 2</h3><div></div><p></p></div>"`;

exports[`ListNews component should show error message 1`] = `"<div><h1>Error</h1><div id=\\"error-text\\">Error: Failed to load</div></div>"`;

exports[`ListNews component should show loading screen 1`] = `"<div>Loading...</div>"`;
