// Jest Snapshot v1, https://goo.gl/fbAQLP

exports[`Profile component should test profile component 1`] = `"<div><h1>Profile</h1><pre></pre></div>"`;
